2026-08-07 12:13:20.416: [INFO] CurrentProfilePath: C:\Users\kundankumar\Documents\workspace-spring3\.metadata\.plugins\org.eclipse.swt\EBWebView\Default
2026-08-07 12:13:20.416: [INFO] Profiles total count: 1
2026-08-07 12:13:20.416: [INFO] Profile: name=Profile 1 path=C:\Users\kundankumar\Documents\workspace-spring3\.metadata\.plugins\org.eclipse.swt\EBWebView\Default lastActive=null
2026-08-07 12:13:20.416: [INFO] LastUsedProfileDir: C:\Users\kundankumar\Documents\workspace-spring3\.metadata\.plugins\org.eclipse.swt\EBWebView\Default
2026-08-07 12:13:20.416: [INFO] OnDoneLoading sync enabled: 0
2026-08-07 12:13:20.416: [INFO] BookmarkModelLoaded, ids_reassigned: 0
2026-08-07 12:13:20.416: [INFO] BookmarksLoadDropped droppedNodes=0
2026-08-07 12:13:20.416: [INFO] BookmarksSnapshot Startup total=0 bar=0 other=0 mobile=0 showBar=0 showBarNTP=1
2026-08-07 12:13:20.568: [INFO] BookmarksSnapshot Shutdown total=0 bar=0 other=0 mobile=0 showBar=0 showBarNTP=1
2026-08-07 12:15:46.043: [INFO] CurrentProfilePath: C:\Users\kundankumar\Documents\workspace-spring3\.metadata\.plugins\org.eclipse.swt\EBWebView\Default
2026-08-07 12:15:46.043: [INFO] Profiles total count: 1
2026-08-07 12:15:46.043: [INFO] Profile: name=Profile 1 path=C:\Users\kundankumar\Documents\workspace-spring3\.metadata\.plugins\org.eclipse.swt\EBWebView\Default lastActive=null
2026-08-07 12:15:46.043: [INFO] LastUsedProfileDir: C:\Users\kundankumar\Documents\workspace-spring3\.metadata\.plugins\org.eclipse.swt\EBWebView\Default
2026-08-07 12:15:46.043: [INFO] OnDoneLoading sync enabled: 0
2026-08-07 12:15:46.043: [INFO] BookmarkModelLoaded, ids_reassigned: 0
2026-08-07 12:15:46.043: [INFO] BookmarksLoadDropped droppedNodes=0
2026-08-07 12:15:46.043: [INFO] BookmarksSnapshot Startup total=0 bar=0 other=0 mobile=0 showBar=0 showBarNTP=1
2026-08-07 12:15:46.173: [INFO] BookmarksSnapshot Shutdown total=0 bar=0 other=0 mobile=0 showBar=0 showBarNTP=1
2026-08-07 12:18:38.206: [INFO] CurrentProfilePath: C:\Users\kundankumar\Documents\workspace-spring3\.metadata\.plugins\org.eclipse.swt\EBWebView\Default
2026-08-07 12:18:38.206: [INFO] Profiles total count: 1
2026-08-07 12:18:38.206: [INFO] Profile: name=Profile 1 path=C:\Users\kundankumar\Documents\workspace-spring3\.metadata\.plugins\org.eclipse.swt\EBWebView\Default lastActive=null
2026-08-07 12:18:38.206: [INFO] LastUsedProfileDir: C:\Users\kundankumar\Documents\workspace-spring3\.metadata\.plugins\org.eclipse.swt\EBWebView\Default
2026-08-07 12:18:38.206: [INFO] OnDoneLoading sync enabled: 0
2026-08-07 12:18:38.206: [INFO] BookmarkModelLoaded, ids_reassigned: 0
2026-08-07 12:18:38.206: [INFO] BookmarksLoadDropped droppedNodes=0
2026-08-07 12:18:38.206: [INFO] BookmarksSnapshot Startup total=0 bar=0 other=0 mobile=0 showBar=0 showBarNTP=1
2026-08-07 12:18:38.346: [INFO] BookmarksSnapshot Shutdown total=0 bar=0 other=0 mobile=0 showBar=0 showBarNTP=1
2026-08-07 12:21:37.069: [INFO] CurrentProfilePath: C:\Users\kundankumar\Documents\workspace-spring3\.metadata\.plugins\org.eclipse.swt\EBWebView\Default
2026-08-07 12:21:37.069: [INFO] Profiles total count: 1
2026-08-07 12:21:37.069: [INFO] Profile: name=Profile 1 path=C:\Users\kundankumar\Documents\workspace-spring3\.metadata\.plugins\org.eclipse.swt\EBWebView\Default lastActive=null
2026-08-07 12:21:37.069: [INFO] LastUsedProfileDir: C:\Users\kundankumar\Documents\workspace-spring3\.metadata\.plugins\org.eclipse.swt\EBWebView\Default
2026-08-07 12:21:37.069: [INFO] OnDoneLoading sync enabled: 0
2026-08-07 12:21:37.069: [INFO] BookmarkModelLoaded, ids_reassigned: 0
2026-08-07 12:21:37.069: [INFO] BookmarksLoadDropped droppedNodes=0
2026-08-07 12:21:37.069: [INFO] BookmarksSnapshot Startup total=0 bar=0 other=0 mobile=0 showBar=0 showBarNTP=1
2026-08-07 12:21:37.220: [INFO] BookmarksSnapshot Shutdown total=0 bar=0 other=0 mobile=0 showBar=0 showBarNTP=1
2026-08-07 12:21:54.818: [INFO] CurrentProfilePath: C:\Users\kundankumar\Documents\workspace-spring3\.metadata\.plugins\org.eclipse.swt\EBWebView\Default
2026-08-07 12:21:54.818: [INFO] Profiles total count: 1
2026-08-07 12:21:54.818: [INFO] Profile: name=Profile 1 path=C:\Users\kundankumar\Documents\workspace-spring3\.metadata\.plugins\org.eclipse.swt\EBWebView\Default lastActive=null
2026-08-07 12:21:54.818: [INFO] LastUsedProfileDir: C:\Users\kundankumar\Documents\workspace-spring3\.metadata\.plugins\org.eclipse.swt\EBWebView\Default
2026-08-07 12:21:54.818: [INFO] OnDoneLoading sync enabled: 0
2026-08-07 12:21:54.818: [INFO] BookmarkModelLoaded, ids_reassigned: 0
2026-08-07 12:21:54.818: [INFO] BookmarksLoadDropped droppedNodes=0
2026-08-07 12:21:54.818: [INFO] BookmarksSnapshot Startup total=0 bar=0 other=0 mobile=0 showBar=0 showBarNTP=1
2026-08-07 12:21:54.960: [INFO] BookmarksSnapshot Shutdown total=0 bar=0 other=0 mobile=0 showBar=0 showBarNTP=1
2026-08-07 12:22:38.412: [INFO] CurrentProfilePath: C:\Users\kundankumar\Documents\workspace-spring3\.metadata\.plugins\org.eclipse.swt\EBWebView\Default
2026-08-07 12:22:38.412: [INFO] Profiles total count: 1
2026-08-07 12:22:38.412: [INFO] Profile: name=Profile 1 path=C:\Users\kundankumar\Documents\workspace-spring3\.metadata\.plugins\org.eclipse.swt\EBWebView\Default lastActive=null
2026-08-07 12:22:38.412: [INFO] LastUsedProfileDir: C:\Users\kundankumar\Documents\workspace-spring3\.metadata\.plugins\org.eclipse.swt\EBWebView\Default
2026-08-07 12:22:38.412: [INFO] OnDoneLoading sync enabled: 0
2026-08-07 12:22:38.412: [INFO] BookmarkModelLoaded, ids_reassigned: 0
2026-08-07 12:22:38.412: [INFO] BookmarksLoadDropped droppedNodes=0
2026-08-07 12:22:38.412: [INFO] BookmarksSnapshot Startup total=0 bar=0 other=0 mobile=0 showBar=0 showBarNTP=1
2026-08-07 12:22:38.564: [INFO] BookmarksSnapshot Shutdown total=0 bar=0 other=0 mobile=0 showBar=0 showBarNTP=1
2026-08-07 12:23:45.760: [INFO] CurrentProfilePath: C:\Users\kundankumar\Documents\workspace-spring3\.metadata\.plugins\org.eclipse.swt\EBWebView\Default
2026-08-07 12:23:45.760: [INFO] Profiles total count: 1
2026-08-07 12:23:45.760: [INFO] Profile: name=Profile 1 path=C:\Users\kundankumar\Documents\workspace-spring3\.metadata\.plugins\org.eclipse.swt\EBWebView\Default lastActive=null
2026-08-07 12:23:45.760: [INFO] LastUsedProfileDir: C:\Users\kundankumar\Documents\workspace-spring3\.metadata\.plugins\org.eclipse.swt\EBWebView\Default
2026-08-07 12:23:45.760: [INFO] OnDoneLoading sync enabled: 0
2026-08-07 12:23:45.760: [INFO] BookmarkModelLoaded, ids_reassigned: 0
2026-08-07 12:23:45.760: [INFO] BookmarksLoadDropped droppedNodes=0
2026-08-07 12:23:45.760: [INFO] BookmarksSnapshot Startup total=0 bar=0 other=0 mobile=0 showBar=0 showBarNTP=1
2026-08-07 12:23:45.884: [INFO] BookmarksSnapshot Shutdown total=0 bar=0 other=0 mobile=0 showBar=0 showBarNTP=1
2026-08-07 12:51:09.153: [INFO] CurrentProfilePath: C:\Users\kundankumar\Documents\workspace-spring3\.metadata\.plugins\org.eclipse.swt\EBWebView\Default
2026-08-07 12:51:09.153: [INFO] Profiles total count: 1
2026-08-07 12:51:09.153: [INFO] Profile: name=Profile 1 path=C:\Users\kundankumar\Documents\workspace-spring3\.metadata\.plugins\org.eclipse.swt\EBWebView\Default lastActive=null
2026-08-07 12:51:09.153: [INFO] LastUsedProfileDir: C:\Users\kundankumar\Documents\workspace-spring3\.metadata\.plugins\org.eclipse.swt\EBWebView\Default
2026-08-07 12:51:09.153: [INFO] OnDoneLoading sync enabled: 0
2026-08-07 12:51:09.153: [INFO] BookmarkModelLoaded, ids_reassigned: 0
2026-08-07 12:51:09.153: [INFO] BookmarksLoadDropped droppedNodes=0
2026-08-07 12:51:09.153: [INFO] BookmarksSnapshot Startup total=0 bar=0 other=0 mobile=0 showBar=0 showBarNTP=1
2026-08-07 12:51:16.253: [INFO] BookmarksSnapshot Shutdown total=0 bar=0 other=0 mobile=0 showBar=0 showBarNTP=1
2026-08-07 12:51:33.444: [INFO] CurrentProfilePath: C:\Users\kundankumar\Documents\workspace-spring3\.metadata\.plugins\org.eclipse.swt\EBWebView\Default
2026-08-07 12:51:33.444: [INFO] Profiles total count: 1
2026-08-07 12:51:33.444: [INFO] Profile: name=Profile 1 path=C:\Users\kundankumar\Documents\workspace-spring3\.metadata\.plugins\org.eclipse.swt\EBWebView\Default lastActive=null
2026-08-07 12:51:33.444: [INFO] LastUsedProfileDir: C:\Users\kundankumar\Documents\workspace-spring3\.metadata\.plugins\org.eclipse.swt\EBWebView\Default
2026-08-07 12:51:33.444: [INFO] OnDoneLoading sync enabled: 0
2026-08-07 12:51:33.444: [INFO] BookmarkModelLoaded, ids_reassigned: 0
2026-08-07 12:51:33.444: [INFO] BookmarksLoadDropped droppedNodes=0
2026-08-07 12:51:33.444: [INFO] BookmarksSnapshot Startup total=0 bar=0 other=0 mobile=0 showBar=0 showBarNTP=1
2026-08-17 02:23:34.074: [INFO] CurrentProfilePath: C:\Users\kundankumar\Documents\workspace-spring3\.metadata\.plugins\org.eclipse.swt\EBWebView\Default
2026-08-17 02:23:34.074: [INFO] Profiles total count: 1
2026-08-17 02:23:34.074: [INFO] Profile: name=Profile 1 path=C:\Users\kundankumar\Documents\workspace-spring3\.metadata\.plugins\org.eclipse.swt\EBWebView\Default lastActive=null
2026-08-17 02:23:34.075: [INFO] LastUsedProfileDir: C:\Users\kundankumar\Documents\workspace-spring3\.metadata\.plugins\org.eclipse.swt\EBWebView\Default
2026-08-17 02:23:34.075: [INFO] OnDoneLoading sync enabled: 0
2026-08-17 02:23:34.075: [INFO] BookmarkModelLoaded, ids_reassigned: 0
2026-08-17 02:23:34.075: [INFO] BookmarksLoadDropped droppedNodes=0
2026-08-17 02:23:34.075: [INFO] BookmarksSnapshot Startup total=0 bar=0 other=0 mobile=0 showBar=0 showBarNTP=1
2026-08-17 02:38:48.084: [INFO] BookmarksSnapshot Shutdown total=0 bar=0 other=0 mobile=0 showBar=0 showBarNTP=1
2026-08-19 11:33:55.138: [INFO] CurrentProfilePath: C:\Users\kundankumar\Documents\workspace-spring3\.metadata\.plugins\org.eclipse.swt\EBWebView\Default
2026-08-19 11:33:55.138: [INFO] Profiles total count: 1
2026-08-19 11:33:55.138: [INFO] Profile: name=Profile 1 path=C:\Users\kundankumar\Documents\workspace-spring3\.metadata\.plugins\org.eclipse.swt\EBWebView\Default lastActive=null
2026-08-19 11:33:55.138: [INFO] LastUsedProfileDir: C:\Users\kundankumar\Documents\workspace-spring3\.metadata\.plugins\org.eclipse.swt\EBWebView\Default
2026-08-19 11:33:55.138: [INFO] OnDoneLoading sync enabled: 0
2026-08-19 11:33:55.138: [INFO] BookmarkModelLoaded, ids_reassigned: 0
2026-08-19 11:33:55.138: [INFO] BookmarksLoadDropped droppedNodes=0
2026-08-19 11:33:55.138: [INFO] BookmarksSnapshot Startup total=0 bar=0 other=0 mobile=0 showBar=0 showBarNTP=1
2026-08-20 16:42:38.773: [INFO] BookmarksSnapshot Shutdown total=0 bar=0 other=0 mobile=0 showBar=0 showBarNTP=1
2026-08-21 09:12:28.835: [INFO] CurrentProfilePath: C:\Users\kundankumar\Documents\workspace-spring3\.metadata\.plugins\org.eclipse.swt\EBWebView\Default
2026-08-21 09:12:28.835: [INFO] Profiles total count: 1
2026-08-21 09:12:28.836: [INFO] Profile: name=Profile 1 path=C:\Users\kundankumar\Documents\workspace-spring3\.metadata\.plugins\org.eclipse.swt\EBWebView\Default lastActive=2026-08-20T11:54:30.293Z
2026-08-21 09:12:28.836: [INFO] LastUsedProfileDir: C:\Users\kundankumar\Documents\workspace-spring3\.metadata\.plugins\org.eclipse.swt\EBWebView\Default
2026-08-21 09:12:28.837: [INFO] MostRecentlyActiveProfile: name=Profile 1 path=C:\Users\kundankumar\Documents\workspace-spring3\.metadata\.plugins\org.eclipse.swt\EBWebView\Default lastActive=2026-08-20T11:54:30.293Z
2026-08-21 09:12:28.837: [INFO] OnDoneLoading sync enabled: 0
2026-08-21 09:12:28.837: [INFO] BookmarkModelLoaded, ids_reassigned: 0
2026-08-21 09:12:28.837: [INFO] BookmarksLoadDropped droppedNodes=0
2026-08-21 09:12:28.837: [INFO] BookmarksSnapshot Startup total=0 bar=0 other=0 mobile=0 showBar=0 showBarNTP=1
2026-08-21 09:12:30.854: [INFO] BookmarksSnapshot Shutdown total=0 bar=0 other=0 mobile=0 showBar=0 showBarNTP=1
2026-08-21 09:26:52.312: [INFO] CurrentProfilePath: C:\Users\kundankumar\Documents\workspace-spring3\.metadata\.plugins\org.eclipse.swt\EBWebView\Default
2026-08-21 09:26:52.312: [INFO] Profiles total count: 1
2026-08-21 09:26:52.313: [INFO] Profile: name=Profile 1 path=C:\Users\kundankumar\Documents\workspace-spring3\.metadata\.plugins\org.eclipse.swt\EBWebView\Default lastActive=2026-08-20T11:54:30.293Z
2026-08-21 09:26:52.313: [INFO] LastUsedProfileDir: C:\Users\kundankumar\Documents\workspace-spring3\.metadata\.plugins\org.eclipse.swt\EBWebView\Default
2026-08-21 09:26:52.313: [INFO] MostRecentlyActiveProfile: name=Profile 1 path=C:\Users\kundankumar\Documents\workspace-spring3\.metadata\.plugins\org.eclipse.swt\EBWebView\Default lastActive=2026-08-20T11:54:30.293Z
2026-08-21 09:26:52.313: [INFO] OnDoneLoading sync enabled: 0
2026-08-21 09:26:52.313: [INFO] BookmarkModelLoaded, ids_reassigned: 0
2026-08-21 09:26:52.313: [INFO] BookmarksLoadDropped droppedNodes=0
2026-08-21 09:26:52.313: [INFO] BookmarksSnapshot Startup total=0 bar=0 other=0 mobile=0 showBar=0 showBarNTP=1
2026-08-22 11:12:17.023: [INFO] BookmarksSnapshot Shutdown total=0 bar=0 other=0 mobile=0 showBar=0 showBarNTP=1
2026-08-27 13:53:10.015: [INFO] CurrentProfilePath: C:\Users\kundankumar\Documents\workspace-spring3\.metadata\.plugins\org.eclipse.swt\EBWebView\Default
2026-08-27 13:53:10.015: [INFO] Profiles total count: 1
2026-08-27 13:53:10.015: [INFO] Profile: name=Profile 1 path=C:\Users\kundankumar\Documents\workspace-spring3\.metadata\.plugins\org.eclipse.swt\EBWebView\Default lastActive=2026-08-20T11:54:30.293Z
2026-08-27 13:53:10.015: [INFO] LastUsedProfileDir: C:\Users\kundankumar\Documents\workspace-spring3\.metadata\.plugins\org.eclipse.swt\EBWebView\Default
2026-08-27 13:53:10.015: [INFO] MostRecentlyActiveProfile: name=Profile 1 path=C:\Users\kundankumar\Documents\workspace-spring3\.metadata\.plugins\org.eclipse.swt\EBWebView\Default lastActive=2026-08-20T11:54:30.293Z
2026-08-27 13:53:10.015: [INFO] OnDoneLoading sync enabled: 0
2026-08-27 13:53:10.015: [INFO] BookmarkModelLoaded, ids_reassigned: 0
2026-08-27 13:53:10.015: [INFO] BookmarksLoadDropped droppedNodes=0
2026-08-27 13:53:10.015: [INFO] BookmarksSnapshot Startup total=0 bar=0 other=0 mobile=0 showBar=0 showBarNTP=1
2026-08-27 13:53:10.961: [INFO] BookmarksSnapshot Shutdown total=0 bar=0 other=0 mobile=0 showBar=0 showBarNTP=1
2026-08-27 13:53:38.062: [INFO] CurrentProfilePath: C:\Users\kundankumar\Documents\workspace-spring3\.metadata\.plugins\org.eclipse.swt\EBWebView\Default
2026-08-27 13:53:38.062: [INFO] Profiles total count: 1
2026-08-27 13:53:38.063: [INFO] Profile: name=Profile 1 path=C:\Users\kundankumar\Documents\workspace-spring3\.metadata\.plugins\org.eclipse.swt\EBWebView\Default lastActive=2026-08-20T11:54:30.293Z
2026-08-27 13:53:38.063: [INFO] LastUsedProfileDir: C:\Users\kundankumar\Documents\workspace-spring3\.metadata\.plugins\org.eclipse.swt\EBWebView\Default
2026-08-27 13:53:38.063: [INFO] MostRecentlyActiveProfile: name=Profile 1 path=C:\Users\kundankumar\Documents\workspace-spring3\.metadata\.plugins\org.eclipse.swt\EBWebView\Default lastActive=2026-08-20T11:54:30.293Z
2026-08-27 13:53:38.063: [INFO] OnDoneLoading sync enabled: 0
2026-08-27 13:53:38.063: [INFO] BookmarkModelLoaded, ids_reassigned: 0
2026-08-27 13:53:38.063: [INFO] BookmarksLoadDropped droppedNodes=0
2026-08-27 13:53:38.063: [INFO] BookmarksSnapshot Startup total=0 bar=0 other=0 mobile=0 showBar=0 showBarNTP=1
2026-08-31 13:14:02.288: [INFO] CurrentProfilePath: C:\Users\kundankumar\Documents\workspace-spring3\.metadata\.plugins\org.eclipse.swt\EBWebView\Default
2026-08-31 13:14:02.288: [INFO] Profiles total count: 1
2026-08-31 13:14:02.289: [INFO] Profile: name=Profile 1 path=C:\Users\kundankumar\Documents\workspace-spring3\.metadata\.plugins\org.eclipse.swt\EBWebView\Default lastActive=2026-08-20T11:54:30.293Z
2026-08-31 13:14:02.289: [INFO] LastUsedProfileDir: C:\Users\kundankumar\Documents\workspace-spring3\.metadata\.plugins\org.eclipse.swt\EBWebView\Default
2026-08-31 13:14:02.289: [INFO] MostRecentlyActiveProfile: name=Profile 1 path=C:\Users\kundankumar\Documents\workspace-spring3\.metadata\.plugins\org.eclipse.swt\EBWebView\Default lastActive=2026-08-20T11:54:30.293Z
2026-08-31 13:14:02.289: [INFO] OnDoneLoading sync enabled: 0
2026-08-31 13:14:02.289: [INFO] BookmarkModelLoaded, ids_reassigned: 0
2026-08-31 13:14:02.289: [INFO] BookmarksLoadDropped droppedNodes=0
2026-08-31 13:14:02.289: [INFO] BookmarksSnapshot Startup total=0 bar=0 other=0 mobile=0 showBar=0 showBarNTP=1
2026-08-31 13:14:17.165: [INFO] BookmarksSnapshot Shutdown total=0 bar=0 other=0 mobile=0 showBar=0 showBarNTP=1
2026-08-31 13:20:35.415: [INFO] CurrentProfilePath: C:\Users\kundankumar\Documents\workspace-spring3\.metadata\.plugins\org.eclipse.swt\EBWebView\Default
2026-08-31 13:20:35.415: [INFO] Profiles total count: 1
2026-08-31 13:20:35.416: [INFO] Profile: name=Profile 1 path=C:\Users\kundankumar\Documents\workspace-spring3\.metadata\.plugins\org.eclipse.swt\EBWebView\Default lastActive=2026-08-20T11:54:30.293Z
2026-08-31 13:20:35.416: [INFO] LastUsedProfileDir: C:\Users\kundankumar\Documents\workspace-spring3\.metadata\.plugins\org.eclipse.swt\EBWebView\Default
2026-08-31 13:20:35.416: [INFO] MostRecentlyActiveProfile: name=Profile 1 path=C:\Users\kundankumar\Documents\workspace-spring3\.metadata\.plugins\org.eclipse.swt\EBWebView\Default lastActive=2026-08-20T11:54:30.293Z
2026-08-31 13:20:35.416: [INFO] OnDoneLoading sync enabled: 0
2026-08-31 13:20:35.416: [INFO] BookmarkModelLoaded, ids_reassigned: 0
2026-08-31 13:20:35.416: [INFO] BookmarksLoadDropped droppedNodes=0
2026-08-31 13:20:35.416: [INFO] BookmarksSnapshot Startup total=0 bar=0 other=0 mobile=0 showBar=0 showBarNTP=1
2026-09-03 01:40:33.631: [INFO] CurrentProfilePath: C:\Users\kundankumar\Documents\workspace-spring3\.metadata\.plugins\org.eclipse.swt\EBWebView\Default
2026-09-03 01:40:33.631: [INFO] Profiles total count: 1
2026-09-03 01:40:33.631: [INFO] Profile: name=Profile 1 path=C:\Users\kundankumar\Documents\workspace-spring3\.metadata\.plugins\org.eclipse.swt\EBWebView\Default lastActive=2026-08-20T11:54:30.293Z
2026-09-03 01:40:33.631: [INFO] LastUsedProfileDir: C:\Users\kundankumar\Documents\workspace-spring3\.metadata\.plugins\org.eclipse.swt\EBWebView\Default
2026-09-03 01:40:33.631: [INFO] MostRecentlyActiveProfile: name=Profile 1 path=C:\Users\kundankumar\Documents\workspace-spring3\.metadata\.plugins\org.eclipse.swt\EBWebView\Default lastActive=2026-08-20T11:54:30.293Z
2026-09-03 01:40:33.631: [INFO] OnDoneLoading sync enabled: 0
2026-09-03 01:40:33.631: [INFO] BookmarkModelLoaded, ids_reassigned: 0
2026-09-03 01:40:33.631: [INFO] BookmarksLoadDropped droppedNodes=0
2026-09-03 01:40:33.631: [INFO] BookmarksSnapshot Startup total=0 bar=0 other=0 mobile=0 showBar=0 showBarNTP=1
